*****************************************************************
      SolidWorks Corporation - IGES Processor Status Report
*****************************************************************
=================================================================
General Information
=================================================================
Sending System Product I.D.  : ASM0001_ASM
Receiving System Product I.D.: ASM0001_ASM
File Name                    : ax-12.igs
Sending System               : Creo Parametric by Parametric Technology Corporation
Preprocessor Version         : 2013410
File Creation Date           : 20150916.103654
Model Creation Date          : 20150916.103654
Units                        : MM
Model Space Scale            : 1
Author                       : eum
Organization                 : Unknown


=================================================================
Entity Processing Information
=================================================================


=================================================================
Precision analysis of IGES file:
=================================================================
  Most prevalent number of significant digits:              13
  Highest number of significant digits:                     13
  Average number of significant digits:                9.86957
  Maximum distance to origin:                          23.2064
  Minimum distance to origin:                                0
  Effective number of significant digits:                   13


=================================================================
Entity Summary
=================================================================
-----------------------------------------------------------------
Type Name                                         Count Converted
---- ----                                         ----- ---------
100  Arc                                           1814      1814
102  Composite curve                               2866      2866
104  Conic arc                                       32        32
110  Line                                         11008     11008
120  Surface of revolution                          499       499
124  Transformation matrix                         1846      1846
126  Rational B-spline curve                       1377      1377
128  Rational B-spline surface                      840       840
142  Curve on a parametric surface                 1433      1433
144  Trimmed parametric surface                    1339      1339
314  Color definition                                 9         9
402  Associativity instance                          12        12
406  Property                                        12        12
_________________________________________________________________


=================================================================
Result Summary
=================================================================
SolidWorks Feature Type                Count
-----------------------                -----
Solid feature(s)                       11
Surface feature(s)                     0
Curve/Sketch feature(s)                0
--------------------------------------------
Start time: sábado, junio 08, 2019 16:22:08
Finish time: sábado, junio 08, 2019 16:22:22
Processing time: 0 days, 00 hours, 00 mins, 14 secs
